# "1-Bit" "https://github.com/amit-0i/1-Bit"
"Abyssal-Wave" "https://github.com/Itz-Abhishek-Tiwari/Abyssal-Wave/tree/main"
# "AbyssGreen" "https://github.com/Itz-Abhishek-Tiwari/AbyssGreen"
# "Amethyst-Aura" "https://github.com/jackpawlik1/Amethyst-Aura"
# "AncientAliens" "https://github.com/dim-ghub/AncientAliens"
"Another World" "https://github.com/cyb3rgh0u1/Another-World"
"Bad Blood" "https://github.com/HyDE-Project/hyde-gallery/tree/Bad-Blood"
# "BlueSky" "https://github.com/richen604/BlueSky"
# "Breezy Autumn" "https://github.com/Maroc02/Breezy-Autumn"
# "Cat Latte" "https://github.com/rishav12s/Cat-Latte"
# "Catppuccin Latte" "https://github.com/HyDE-Project/hyde-themes/tree/Catppuccin-Latte"
# "Catppuccin Mocha" "https://github.com/HyDE-Project/hyde-themes/tree/Catppuccin-Mocha"
"Catppuccin-Macchiato" "https://github.com/deepu105/hyde-theme-catppuccin-macchiato"
"Code Garden" "https://github.com/jacobfranco/Code-Garden"
# "Cosmic Blue" "https://github.com/Maroc02/Cosmic-Blue"
"Crimson Blade" "https://github.com/cyb3rgh0u1/Crimson-Blade"
"Crimson-Blue" "https://github.com/amit-0i/Crimson-Blue"
"Decay Green" "https://github.com/HyDE-Project/hyde-themes/tree/Decay-Green"
# "DoomBringers" "https://github.com/xaicat/DoomBringers"
"Dracula" "https://github.com/RAprogramm/HyDe-Themes/tree/Dracula"
"Edge Runner" "https://github.com/HyDE-Project/hyde-themes/tree/Edge-Runner"
# "Electra" "https://github.com/XBEAST1/Electra"
# "Eternal Arctic" "https://github.com/rishav12s/Eternal-Arctic"
"Ever Blushing" "https://github.com/rishav12s/Ever-Blushing"
# "Frosted Glass" "https://github.com/HyDE-Project/hyde-themes/tree/Frosted-Glass"
"Graphite Mono" "https://github.com/HyDE-Project/hyde-themes/tree/Graphite-Mono"
# "Green Lush" "https://github.com/abenezerw/Green-Lush"
# "Greenify" "https://github.com/mahaveergurjar/Theme-Gallery/tree/Greenify"
# "Grukai" "https://github.com/amit-0i/Grukai"
"Gruvbox Retro" "https://github.com/HyDE-Project/hyde-themes/tree/Gruvbox-Retro"
"Hack the Box" "https://github.com/HyDE-Project/hyde-gallery/tree/Hack-the-Box"
"Ice Age" "https://github.com/saber-88/Ice-Age"
"Joker" "https://github.com/saber-88/Joker"
"LimeFrenzy" "https://github.com/xaicat/LimeFrenzy"
# "Mac OS" "https://github.com/HyDE-Project/hyde-gallery/tree/Mac-Os"
# "Material Sakura" "https://github.com/HyDE-Project/hyde-themes/tree/Material-Sakura"
"Monokai" "https://github.com/mahaveergurjar/Theme-Gallery/tree/Monokai"
# "Monterey Frost" "https://github.com/rishav12s/Monterey-Frost"
# "Moonlight" "https://github.com/Maroc02/Moonlight"
"Nier" "https://github.com/saber-88/Nier"
"Nightbrew" "https://github.com/jackpawlik1/Nightbrew"
"Nordic Blue" "https://github.com/HyDE-Project/hyde-themes/tree/Nordic-Blue"
"Obsidian-Purple" "https://github.com/amit-0i/Obsidian-Purple"
"One Dark" "https://github.com/RAprogramm/HyDe-Themes/tree/One-Dark"
# "Oregairu" "https://github.com/elritardato/Oregairu"
"Oxo Carbon" "https://github.com/rishav12s/Oxo-Carbon"
"Paranoid Sweet" "https://github.com/rishav12s/Paranoid-Sweet"
# "Peace Of Mind" "https://github.com/Maroc02/Peace-Of-Mind"
# "Pixel Dream" "https://github.com/rishav12s/Pixel-Dream"
# "Rain Dark" "https://github.com/rishav12s/Rain-Dark"
# "Red Stone" "https://github.com/mahaveergurjar/Theme-Gallery/tree/Red_Stone"
# "Rosé Pine" "https://github.com/HyDE-Project/hyde-themes/tree/Rose-Pine"
# "Scarlet Night" "https://github.com/abenezerw/Scarlet-Night"
"Sci-fi" "https://github.com/KaranRaval555/Sci-fi"
"Solarized Dark" "https://github.com/rishav12s/Solarized-Dark"
"Soulsborne" "https://github.com/elritardato/Soulsborne"
"Synth Wave" "https://github.com/HyDE-Project/hyde-themes/tree/Synth-Wave"
"Timeless Dream" "https://github.com/Maroc02/Timeless-Dream"
"Tokyo Night" "https://github.com/HyDE-Project/hyde-themes/tree/Tokyo-Night"
"Tundra" "https://github.com/Prof-Shiba/Tundra"
# "Vanta Black" "https://github.com/rishav12s/Vanta-Black"
# "Virtual-Witches" "https://github.com/G00380316/virtual-witches"
# "Windows 11" "https://github.com/HyDE-Project/hyde-gallery/tree/Windows-11"
